2025-10-21 12:11:28 [INFO] === INÍCIO DO PIPELINE DE MODELAGEM BASELINE ===
2025-10-21 12:11:36 [INFO] Treinando LightGBM...
2025-10-21 12:13:43 [INFO] [LightGBM] RMSE=0.7045 | MAE=0.4200 | R²=0.7825 | MAPE=339354748.68%
2025-10-21 12:13:43 [INFO] [LightGBM] Melhores parâmetros: {'num_leaves': 127, 'n_estimators': 500, 'min_child_samples': 20, 'learning_rate': 0.1, 'feature_fraction': 0.9}
2025-10-21 12:13:43 [INFO] Treinando CatBoost...
2025-10-21 12:30:01 [INFO] === INÍCIO DO PIPELINE DE MODELAGEM BASELINE ===
2025-10-21 12:30:08 [INFO] Treinando LightGBM...
2025-10-21 12:31:46 [INFO] [LightGBM] RMSE=0.7045 | MAE=0.4200 | R²=0.7825 | MAPE=339354748.68% | Tempo=1.63 min
2025-10-21 12:31:46 [INFO] [LightGBM] Melhores parâmetros: {'num_leaves': 127, 'n_estimators': 500, 'min_child_samples': 20, 'learning_rate': 0.1, 'feature_fraction': 0.9}
2025-10-21 12:31:46 [INFO] Treinando CatBoost...
2025-10-21 12:36:36 [INFO] === INÍCIO DO PIPELINE DE MODELAGEM BASELINE ===
2025-10-21 12:36:44 [INFO] Treinando LightGBM...
2025-10-21 12:38:24 [INFO] [LightGBM] RMSE=0.7045 | MAE=0.4200 | R²=0.7825 | MAPE=339354748.68% | Tempo=1.67 min
2025-10-21 12:38:24 [INFO] [LightGBM] Melhores parâmetros: {'num_leaves': 127, 'n_estimators': 500, 'min_child_samples': 20, 'learning_rate': 0.1, 'feature_fraction': 0.9}
2025-10-21 12:38:24 [INFO] Treinando CatBoost...
2025-10-21 12:38:25 [ERROR] Erro durante a execução do pipeline:
joblib.externals.loky.process_executor._RemoteTraceback: 
"""
Traceback (most recent call last):
  File "D:\github\github\data-science\projetos\previsao_precificacao\src\venv\lib\site-packages\joblib\externals\loky\process_executor.py", line 463, in _process_worker
    r = call_item()
  File "D:\github\github\data-science\projetos\previsao_precificacao\src\venv\lib\site-packages\joblib\externals\loky\process_executor.py", line 291, in __call__
    return self.fn(*self.args, **self.kwargs)
  File "D:\github\github\data-science\projetos\previsao_precificacao\src\venv\lib\site-packages\joblib\parallel.py", line 598, in __call__
    return [func(*args, **kwargs)
  File "D:\github\github\data-science\projetos\previsao_precificacao\src\venv\lib\site-packages\joblib\parallel.py", line 598, in <listcomp>
    return [func(*args, **kwargs)
  File "D:\github\github\data-science\projetos\previsao_precificacao\src\venv\lib\site-packages\sklearn\utils\fixes.py", line 117, in __call__
    return self.function(*args, **kwargs)
  File "D:\github\github\data-science\projetos\previsao_precificacao\src\venv\lib\site-packages\sklearn\model_selection\_validation.py", line 678, in _fit_and_score
    X_train, y_train = _safe_split(estimator, X, y, train)
  File "D:\github\github\data-science\projetos\previsao_precificacao\src\venv\lib\site-packages\sklearn\utils\metaestimators.py", line 294, in _safe_split
    if _safe_tags(estimator, key="pairwise"):
  File "D:\github\github\data-science\projetos\previsao_precificacao\src\venv\lib\site-packages\sklearn\utils\_tags.py", line 52, in _safe_tags
    tags = estimator._get_tags()
  File "D:\github\github\data-science\projetos\previsao_precificacao\src\venv\lib\site-packages\catboost\core.py", line 2109, in _get_tags
    _process_synonyms(params)
  File "D:\github\github\data-science\projetos\previsao_precificacao\src\venv\lib\site-packages\catboost\core.py", line 1645, in _process_synonyms
    metric_period, verbose, logging_level = _process_verbose(
  File "D:\github\github\data-science\projetos\previsao_precificacao\src\venv\lib\site-packages\catboost\core.py", line 236, in _process_verbose
    raise CatBoostError('Only one of parameters {} should be set'.format(exclusive_params))
_catboost.CatBoostError: Only one of parameters ['verbose', 'logging_level', 'verbose_eval', 'silent'] should be set
"""

The above exception was the direct cause of the following exception:

Traceback (most recent call last):
  File "modelagem.py", line 160, in <module>
    search.fit(X_train, y_train)
  File "D:\github\github\data-science\projetos\previsao_precificacao\src\venv\lib\site-packages\sklearn\model_selection\_search.py", line 875, in fit
    self._run_search(evaluate_candidates)
  File "D:\github\github\data-science\projetos\previsao_precificacao\src\venv\lib\site-packages\sklearn\model_selection\_search.py", line 1379, in _run_search
    evaluate_candidates(ParameterGrid(self.param_grid))
  File "D:\github\github\data-science\projetos\previsao_precificacao\src\venv\lib\site-packages\sklearn\model_selection\_search.py", line 822, in evaluate_candidates
    out = parallel(
  File "D:\github\github\data-science\projetos\previsao_precificacao\src\venv\lib\site-packages\joblib\parallel.py", line 2007, in __call__
    return output if self.return_generator else list(output)
  File "D:\github\github\data-science\projetos\previsao_precificacao\src\venv\lib\site-packages\joblib\parallel.py", line 1650, in _get_outputs
    yield from self._retrieve()
  File "D:\github\github\data-science\projetos\previsao_precificacao\src\venv\lib\site-packages\joblib\parallel.py", line 1754, in _retrieve
    self._raise_error_fast()
  File "D:\github\github\data-science\projetos\previsao_precificacao\src\venv\lib\site-packages\joblib\parallel.py", line 1789, in _raise_error_fast
    error_job.get_result(self.timeout)
  File "D:\github\github\data-science\projetos\previsao_precificacao\src\venv\lib\site-packages\joblib\parallel.py", line 745, in get_result
    return self._return_or_raise()
  File "D:\github\github\data-science\projetos\previsao_precificacao\src\venv\lib\site-packages\joblib\parallel.py", line 763, in _return_or_raise
    raise self._result
_catboost.CatBoostError: Only one of parameters ['verbose', 'logging_level', 'verbose_eval', 'silent'] should be set
2025-10-21 12:41:44 [INFO] === INÍCIO DO PIPELINE DE MODELAGEM BASELINE ===
2025-10-21 12:41:52 [INFO] Treinando LightGBM...
2025-10-21 12:43:31 [INFO] [LightGBM] RMSE=0.7045 | MAE=0.4200 | R²=0.7825 | MAPE=339354748.68% | Tempo=1.65 min
2025-10-21 12:43:31 [INFO] [LightGBM] Melhores parâmetros: {'num_leaves': 127, 'n_estimators': 500, 'min_child_samples': 20, 'learning_rate': 0.1, 'feature_fraction': 0.9}
2025-10-21 12:43:31 [INFO] Treinando CatBoost...
2025-10-21 12:50:12 [INFO] === INÍCIO DO PIPELINE DE MODELAGEM BASELINE ===
2025-10-21 12:50:19 [INFO] Treinando LightGBM...
2025-10-21 12:51:58 [INFO] [LightGBM] RMSE=0.7045 | MAE=0.4200 | R²=0.7825 | MAPE=339354748.68% | Tempo=1.64 min
2025-10-21 12:51:58 [INFO] [LightGBM] Melhores parâmetros: {'num_leaves': 127, 'n_estimators': 500, 'min_child_samples': 20, 'learning_rate': 0.1, 'feature_fraction': 0.9}
2025-10-21 12:51:58 [INFO] Treinando CatBoost...
2025-10-21 12:55:31 [INFO] [CatBoost] RMSE=0.7264 | MAE=0.4359 | R²=0.7688 | MAPE=360495558.48% | Tempo=3.56 min
2025-10-21 12:55:31 [INFO] [CatBoost] Melhores parâmetros: {'learning_rate': 0.2, 'l2_leaf_reg': 7, 'iterations': 300, 'depth': 10}
2025-10-21 12:55:31 [INFO] Treinando RandomForest...
2025-10-21 13:28:02 [INFO] === INÍCIO DO PIPELINE DE MODELAGEM BASELINE ===
2025-10-21 13:28:10 [INFO] Treinando LightGBM...
2025-10-21 13:32:09 [INFO] === INÍCIO DO PIPELINE DE MODELAGEM BASELINE ===
2025-10-21 13:32:16 [INFO] Treinando LightGBM...
2025-10-21 13:34:05 [INFO] [LightGBM] RMSE=0.7045 | MAE=0.4200 | R²=0.7825 | MAPE=339354748.68% | Tempo=1.81 min
2025-10-21 13:34:05 [INFO] [LightGBM] Melhores parâmetros: {'num_leaves': 127, 'n_estimators': 500, 'min_child_samples': 20, 'learning_rate': 0.1, 'feature_fraction': 0.9}
2025-10-21 13:34:05 [INFO] Treinando CatBoost...
2025-10-21 13:37:39 [INFO] [CatBoost] RMSE=0.7264 | MAE=0.4359 | R²=0.7688 | MAPE=360495558.48% | Tempo=3.57 min
2025-10-21 13:37:39 [INFO] [CatBoost] Melhores parâmetros: {'learning_rate': 0.2, 'l2_leaf_reg': 7, 'iterations': 300, 'depth': 10}
2025-10-21 13:37:39 [INFO] Treinando RandomForest...
2025-10-21 14:07:39 [INFO] [RandomForest] RMSE=0.7151 | MAE=0.4129 | R²=0.7759 | MAPE=293903833.32% | Tempo=30.01 min
2025-10-21 14:07:39 [INFO] [RandomForest] Melhores parâmetros: {'n_estimators': 400, 'min_samples_split': 5, 'min_samples_leaf': 2, 'max_depth': None}
2025-10-21 14:07:40 [INFO] Melhor modelo salvo em D:\github\github\data-science\projetos\previsao_precificacao\config\models\baseline_results\best_model_LightGBM.pkl
2025-10-21 14:07:40 [ERROR] Erro durante a execução do pipeline:
Traceback (most recent call last):
  File "D:\github\github\data-science\projetos\previsao_precificacao\src\venv\lib\site-packages\pandas\compat\_optional.py", line 141, in import_optional_dependency
    module = importlib.import_module(name)
  File "C:\Users\isaac\AppData\Local\Programs\Python\Python38\lib\importlib\__init__.py", line 127, in import_module
    return _bootstrap._gcd_import(name[level:], package, level)
  File "<frozen importlib._bootstrap>", line 1014, in _gcd_import
  File "<frozen importlib._bootstrap>", line 991, in _find_and_load
  File "<frozen importlib._bootstrap>", line 973, in _find_and_load_unlocked
ModuleNotFoundError: No module named 'tabulate'

During handling of the above exception, another exception occurred:

Traceback (most recent call last):
  File "modelagem.py", line 228, in <module>
    md.write(resultados_df.to_markdown(index=False))
  File "D:\github\github\data-science\projetos\previsao_precificacao\src\venv\lib\site-packages\pandas\core\frame.py", line 2842, in to_markdown
    tabulate = import_optional_dependency("tabulate")
  File "D:\github\github\data-science\projetos\previsao_precificacao\src\venv\lib\site-packages\pandas\compat\_optional.py", line 144, in import_optional_dependency
    raise ImportError(msg)
ImportError: Missing optional dependency 'tabulate'.  Use pip or conda to install tabulate.
2025-10-21 14:12:57 [INFO] === INÍCIO DO PIPELINE DE MODELAGEM BASELINE ===
2025-10-21 14:13:04 [INFO] Treinando LightGBM...
2025-10-21 14:14:42 [INFO] [LightGBM] RMSE=0.7045 | MAE=0.4200 | R²=0.7825 | MAPE=339354748.68% | Tempo=1.62 min
2025-10-21 14:14:42 [INFO] [LightGBM] Melhores parâmetros: {'num_leaves': 127, 'n_estimators': 500, 'min_child_samples': 20, 'learning_rate': 0.1, 'feature_fraction': 0.9}
2025-10-21 14:14:42 [INFO] Treinando CatBoost...
2025-10-21 14:18:15 [INFO] [CatBoost] RMSE=0.7264 | MAE=0.4359 | R²=0.7688 | MAPE=360495558.48% | Tempo=3.55 min
2025-10-21 14:18:15 [INFO] [CatBoost] Melhores parâmetros: {'learning_rate': 0.2, 'l2_leaf_reg': 7, 'iterations': 300, 'depth': 10}
2025-10-21 14:18:15 [INFO] Treinando RandomForest...
2025-10-21 14:35:57 [INFO] [RandomForest] RMSE=0.7135 | MAE=0.4126 | R²=0.7769 | MAPE=306491321.06% | Tempo=17.71 min
2025-10-21 14:35:57 [INFO] [RandomForest] Melhores parâmetros: {'n_estimators': 400, 'min_samples_split': 2, 'min_samples_leaf': 2, 'max_depth': 20}
2025-10-21 14:35:57 [INFO] Melhor modelo salvo em D:\github\github\data-science\projetos\previsao_precificacao\config\models\baseline_results\best_model_LightGBM.pkl
2025-10-21 14:35:58 [INFO] Pipeline concluído com sucesso.
