2025-10-21 14:52:14 [INFO] === INÍCIO DO REFINAMENTO LIGHTGBM ===
2025-10-21 15:04:12 [INFO] === INÍCIO DO REFINAMENTO LIGHTGBM (otimizado) ===
2025-10-21 15:04:13 [INFO] Dataset reduzido para 500.000 amostras para otimização.
2025-10-21 18:20:08 [INFO] === INÍCIO DO REFINAMENTO LIGHTGBM (otimizado) ===
2025-10-21 18:20:10 [INFO] Dataset reduzido para 500.000 amostras para otimização.
2025-10-21 18:25:01 [INFO] Melhores hiperparâmetros: {'boosting_type': 'gbdt', 'num_leaves': 100, 'max_depth': 6, 'learning_rate': 0.08519561599138352, 'feature_fraction': 0.9916097456110287, 'bagging_fraction': 0.8283914482335369, 'bagging_freq': 5, 'min_child_samples': 27, 'lambda_l1': 1.030716377046566, 'lambda_l2': 1.6007514679658947}
2025-10-21 18:25:04 [INFO] Refinamento concluído em 4.93 min | Modelo salvo em D:\github\github\data-science\projetos\previsao_precificacao\config\models\refinamento_lightgbm\lightgbm_refinado.pkl
2025-10-21 18:29:20 [INFO] === INÍCIO DO REFINAMENTO LIGHTGBM (otimizado) ===
2025-10-21 18:29:21 [INFO] Dataset reduzido para as últimas 500.000 amostras para otimização temporal.
2025-10-21 18:36:05 [INFO] Melhores hiperparâmetros: {'boosting_type': 'gbdt', 'num_leaves': 88, 'max_depth': 12, 'learning_rate': 0.02390376751759948, 'feature_fraction': 0.7587948587257435, 'bagging_fraction': 0.7135681866731614, 'bagging_freq': 2, 'min_child_samples': 70, 'lambda_l1': 1.3567451588694794, 'lambda_l2': 4.143687545759647, 'min_gain_to_split': 0.3567533266935893, 'min_data_in_leaf': 70}
2025-10-21 18:36:17 [INFO] Refinamento concluído em 6.95 min | Modelo salvo em D:\github\github\data-science\projetos\previsao_precificacao\config\models\refinamento_lightgbm\lightgbm_refinado.pkl
2025-10-21 18:39:05 [INFO] === INÍCIO DO REFINAMENTO LIGHTGBM (final sênior) ===
2025-10-21 18:39:07 [INFO] Dataset reduzido para as últimas 500.000 amostras (ordem temporal mantida).
2025-10-21 18:48:57 [INFO] Melhores hiperparâmetros: {'boosting_type': 'gbdt', 'num_leaves': 113, 'max_depth': 11, 'learning_rate': 0.03724030002051435, 'feature_fraction': 0.7436442469711639, 'bagging_fraction': 0.7143900116442956, 'bagging_freq': 2, 'min_child_samples': 69, 'lambda_l1': 0.8014088932838044, 'lambda_l2': 4.747466293203226, 'min_gain_to_split': 0.20923944564632804, 'min_data_in_leaf': 78}
2025-10-21 18:49:10 [INFO] Métricas Holdout: {'RMSE': 0.983531489161883, 'MAE': 0.5875487560627212, 'R2': 0.7213825985501674, 'MAPE': 38.84407064767768}
2025-10-21 18:49:11 [INFO] Refinamento concluído em 10.10 min | Modelo salvo em D:\github\github\data-science\projetos\previsao_precificacao\config\models\refinamento_lightgbm\lightgbm_refinado.pkl
2025-10-21 18:53:28 [INFO] === INÍCIO DO REFINAMENTO LIGHTGBM (final sênior) ===
2025-10-21 18:53:29 [INFO] Dataset reduzido para as últimas 500.000 amostras (ordem temporal mantida).
2025-10-21 19:03:17 [INFO] Melhores hiperparâmetros: {'boosting_type': 'gbdt', 'num_leaves': 113, 'max_depth': 11, 'learning_rate': 0.03724030002051435, 'feature_fraction': 0.7436442469711639, 'bagging_fraction': 0.7143900116442956, 'bagging_freq': 2, 'min_child_samples': 69, 'lambda_l1': 0.8014088932838044, 'lambda_l2': 4.747466293203226, 'min_gain_to_split': 0.20923944564632804, 'min_data_in_leaf': 78}
2025-10-21 19:03:30 [INFO] Métricas Holdout: {'RMSE': 0.983531489161883, 'MAE': 0.5875487560627212, 'R2': 0.7213825985501674, 'MAPE': 38.84407064767768}
2025-10-21 19:03:31 [INFO] Refinamento concluído em 10.06 min | Modelo salvo em D:\github\github\data-science\projetos\previsao_precificacao\config\models\refinamento_lightgbm\lightgbm_refinado.pkl
2025-10-21 19:03:31 [INFO] === FIM DO REFINAMENTO LIGHTGBM ===
