2025-07-30 16:35:06,763 - Colunas do DataFrame: ['id', 'limite_credito', 'sexo', 'educacao', 'estado_civil', 'idade', 'pagamento_mes_0', 'pagamento_mes_2', 'pagamento_mes_3', 'pagamento_mes_4', 'pagamento_mes_5', 'pagamento_mes_6', 'fatura_mes_1', 'fatura_mes_2', 'fatura_mes_3', 'fatura_mes_4', 'fatura_mes_5', 'fatura_mes_6', 'pagamento_mes_1', 'inadimplente_mes_seguinte']
2025-07-30 16:35:06,768 - scale_pos_weight calculado: 3.521
2025-07-30 16:35:06,785 - 

===== Treinando LightGBM =====
2025-07-30 16:36:01,479 - LightGBM - Melhores hiperparâmetros: {'lgbm__verbose': -1, 'lgbm__reg_lambda': 0.5, 'lgbm__reg_alpha': 0.1, 'lgbm__num_leaves': 31, 'lgbm__n_estimators': 400, 'lgbm__min_child_samples': 20, 'lgbm__max_depth': None, 'lgbm__learning_rate': 0.03, 'lgbm__feature_fraction': 0.8, 'lgbm__bagging_freq': 0, 'lgbm__bagging_fraction': 0.9}
2025-07-30 16:36:04,742 - LightGBM - Threshold escolhido (F1): 0.33
2025-07-30 16:36:04,858 - LightGBM - Relatório:
              precision    recall  f1-score      support
0              0.870150  0.858977  0.864527  4673.000000
1              0.524874  0.548606  0.536478  1327.000000
accuracy       0.790333  0.790333  0.790333     0.790333
macro avg      0.697512  0.703791  0.700502  6000.000000
weighted avg   0.793786  0.790333  0.791974  6000.000000
2025-07-30 16:36:04,858 - LightGBM - AUC-PR: 0.5477
2025-07-30 16:36:04,859 - LightGBM - Matriz de Confusão:
[[4014  659]
 [ 599  728]]
2025-07-30 16:36:04,859 - LightGBM - Custo total: 6649
2025-07-30 16:39:40,468 - Colunas do DataFrame: ['id', 'limite_credito', 'sexo', 'educacao', 'estado_civil', 'idade', 'pagamento_mes_0', 'pagamento_mes_2', 'pagamento_mes_3', 'pagamento_mes_4', 'pagamento_mes_5', 'pagamento_mes_6', 'fatura_mes_1', 'fatura_mes_2', 'fatura_mes_3', 'fatura_mes_4', 'fatura_mes_5', 'fatura_mes_6', 'pagamento_mes_1', 'inadimplente_mes_seguinte']
2025-07-30 16:39:40,473 - scale_pos_weight calculado: 3.521
2025-07-30 16:39:40,492 - 

===== Treinando LightGBM =====
2025-07-30 16:40:36,672 - LightGBM - Melhores hiperparâmetros: {'lgbm__verbose': -1, 'lgbm__reg_lambda': 0.5, 'lgbm__reg_alpha': 0.1, 'lgbm__num_leaves': 31, 'lgbm__n_estimators': 400, 'lgbm__min_child_samples': 20, 'lgbm__max_depth': None, 'lgbm__learning_rate': 0.03, 'lgbm__feature_fraction': 0.8, 'lgbm__bagging_freq': 0, 'lgbm__bagging_fraction': 0.9}
2025-07-30 16:40:40,831 - LightGBM - Threshold escolhido (F1): 0.33
2025-07-30 16:40:40,951 - LightGBM - Relatório:
              precision    recall  f1-score      support
0              0.870150  0.858977  0.864527  4673.000000
1              0.524874  0.548606  0.536478  1327.000000
accuracy       0.790333  0.790333  0.790333     0.790333
macro avg      0.697512  0.703791  0.700502  6000.000000
weighted avg   0.793786  0.790333  0.791974  6000.000000
2025-07-30 16:40:40,951 - LightGBM - AUC-PR: 0.5477
2025-07-30 16:40:40,951 - LightGBM - Matriz de Confusão:
[[4014  659]
 [ 599  728]]
2025-07-30 16:40:40,951 - LightGBM - Custo total: 6649
2025-07-30 16:40:47,110 - LightGBM - F1 Score médio (cross_val): 0.5271
2025-07-30 16:41:19,598 - 

===== Treinando XGBoost =====
2025-07-30 16:49:16,790 - XGBoost - Melhores hiperparâmetros: {'xgb__subsample': 0.9, 'xgb__reg_lambda': 0.1, 'xgb__reg_alpha': 0.1, 'xgb__n_estimators': 100, 'xgb__min_child_weight': 10, 'xgb__max_depth': 7, 'xgb__learning_rate': 0.1, 'xgb__gamma': 0.5, 'xgb__colsample_bytree': 0.9}
2025-07-30 16:49:53,119 - XGBoost - Threshold escolhido (F1): 0.49
2025-07-30 16:49:53,183 - XGBoost - Relatório:
              precision    recall  f1-score      support
0              0.846323  0.906270  0.875271  4673.000000
1              0.560241  0.420497  0.480413  1327.000000
accuracy       0.798833  0.798833  0.798833     0.798833
macro avg      0.703282  0.663384  0.677842  6000.000000
weighted avg   0.783051  0.798833  0.787942  6000.000000
2025-07-30 16:49:53,183 - XGBoost - AUC-PR: 0.4975
2025-07-30 16:49:53,184 - XGBoost - Matriz de Confusão:
[[4235  438]
 [ 769  558]]
2025-07-30 16:49:53,184 - XGBoost - Custo total: 8128
2025-07-30 16:50:42,587 - XGBoost - F1 Score médio (cross_val): 0.4868
2025-07-30 16:52:45,322 - 

===== Treinando CatBoost =====
2025-07-30 17:01:13,577 - CatBoost - Melhores hiperparâmetros: {'learning_rate': 0.05, 'l2_leaf_reg': 1, 'iterations': 800, 'depth': 8, 'border_count': 100}
2025-07-30 17:01:24,068 - CatBoost - Threshold escolhido (F1): 0.36
2025-07-30 17:01:24,089 - CatBoost - Relatório:
              precision    recall  f1-score  support
0              0.858411  0.890006  0.873923   4673.0
1              0.554978  0.483044  0.516519   1327.0
accuracy       0.800000  0.800000  0.800000      0.8
macro avg      0.706695  0.686525  0.695221   6000.0
weighted avg   0.791302  0.800000  0.794877   6000.0
2025-07-30 17:01:24,089 - CatBoost - AUC-PR: 0.5276
2025-07-30 17:01:24,089 - CatBoost - Matriz de Confusão:
[[4159  514]
 [ 686  641]]
2025-07-30 17:01:24,089 - CatBoost - Custo total: 7374
2025-07-30 17:01:24,097 - 

===== Treinando RandomForest =====
2025-07-30 17:04:34,743 - RandomForest - Melhores hiperparâmetros: {'rf__n_estimators': 100, 'rf__min_samples_split': 2, 'rf__min_samples_leaf': 2, 'rf__max_depth': 10}
2025-07-30 17:04:48,121 - RandomForest - Threshold escolhido (F1): 0.22
2025-07-30 17:04:48,410 - RandomForest - Relatório:
              precision    recall  f1-score    support
0              0.870444  0.848277  0.859218  4673.0000
1              0.509682  0.555388  0.531554  1327.0000
accuracy       0.783500  0.783500  0.783500     0.7835
macro avg      0.690063  0.701833  0.695386  6000.0000
weighted avg   0.790655  0.783500  0.786749  6000.0000
2025-07-30 17:04:48,410 - RandomForest - AUC-PR: 0.5495
2025-07-30 17:04:48,410 - RandomForest - Matriz de Confusão:
[[3964  709]
 [ 590  737]]
2025-07-30 17:04:48,410 - RandomForest - Custo total: 6609
2025-07-30 17:05:12,084 - RandomForest - F1 Score médio (cross_val): 0.4681
2025-07-30 17:06:13,819 - Tempo total: 0h 26min 33s
