2025-07-30 16:13:35,525 - Melhores hiperparâmetros: {'lgbm__reg_lambda': 0.1, 'lgbm__reg_alpha': 0.5, 'lgbm__num_leaves': 31, 'lgbm__n_estimators': 300, 'lgbm__min_child_samples': 100, 'lgbm__max_depth': 7, 'lgbm__learning_rate': 0.01}
2025-07-30 16:13:36,316 - Relatório de Classificação:
              precision    recall  f1-score    support
0              0.866261  0.853841  0.860006  4673.0000
1              0.510043  0.535795  0.522602  1327.0000
accuracy       0.783500  0.783500  0.783500     0.7835
macro avg      0.688152  0.694818  0.691304  6000.0000
weighted avg   0.787478  0.783500  0.785384  6000.0000
2025-07-30 16:13:36,316 - AUC-PR: 0.5454
2025-07-30 16:13:36,316 - Matriz de Confusão:
[[3990  683]
 [ 616  711]]
2025-07-30 16:13:36,317 - Custo total: 6843
2025-07-30 16:13:37,395 - F1 Score médio (cross_val): 0.4651
2025-07-30 16:17:38,778 - Colunas do DataFrame: ['id', 'limite_credito', 'sexo', 'educacao', 'estado_civil', 'idade', 'pagamento_mes_0', 'pagamento_mes_2', 'pagamento_mes_3', 'pagamento_mes_4', 'pagamento_mes_5', 'pagamento_mes_6', 'fatura_mes_1', 'fatura_mes_2', 'fatura_mes_3', 'fatura_mes_4', 'fatura_mes_5', 'fatura_mes_6', 'pagamento_mes_1', 'inadimplente_mes_seguinte']
2025-07-30 16:17:52,327 - Melhores hiperparâmetros: {'lgbm__reg_lambda': 0.1, 'lgbm__reg_alpha': 0.1, 'lgbm__num_leaves': 63, 'lgbm__n_estimators': 200, 'lgbm__min_child_samples': 50, 'lgbm__max_depth': 3, 'lgbm__learning_rate': 0.01}
2025-07-30 16:17:52,974 - Threshold escolhido (F1): 0.21
2025-07-30 16:17:53,011 - Relatório de Classificação:
              precision    recall  f1-score    support
0              0.862018  0.870319  0.866148  4673.0000
1              0.527301  0.509420  0.518206  1327.0000
accuracy       0.790500  0.790500  0.790500     0.7905
macro avg      0.694659  0.689869  0.692177  6000.0000
weighted avg   0.787990  0.790500  0.789195  6000.0000
2025-07-30 16:17:53,011 - AUC-PR: 0.5238
2025-07-30 16:17:53,011 - Matriz de Confusão:
[[4067  606]
 [ 651  676]]
2025-07-30 16:17:53,011 - Custo total: 7116
2025-07-30 16:17:53,356 - F1 Score médio (cross_val): 0.4501
2025-07-30 16:17:55,359 - Tempo total: 0h 0min 16s
2025-07-30 16:19:59,267 - Colunas do DataFrame: ['id', 'limite_credito', 'sexo', 'educacao', 'estado_civil', 'idade', 'pagamento_mes_0', 'pagamento_mes_2', 'pagamento_mes_3', 'pagamento_mes_4', 'pagamento_mes_5', 'pagamento_mes_6', 'fatura_mes_1', 'fatura_mes_2', 'fatura_mes_3', 'fatura_mes_4', 'fatura_mes_5', 'fatura_mes_6', 'pagamento_mes_1', 'inadimplente_mes_seguinte']
2025-07-30 16:20:14,250 - Melhores hiperparâmetros: {'lgbm__reg_lambda': 0.1, 'lgbm__reg_alpha': 0.1, 'lgbm__num_leaves': 63, 'lgbm__n_estimators': 200, 'lgbm__min_child_samples': 50, 'lgbm__max_depth': 3, 'lgbm__learning_rate': 0.01}
2025-07-30 16:20:14,946 - Threshold escolhido (F1): 0.21
2025-07-30 16:20:14,979 - Relatório de Classificação:
              precision    recall  f1-score    support
0              0.862018  0.870319  0.866148  4673.0000
1              0.527301  0.509420  0.518206  1327.0000
accuracy       0.790500  0.790500  0.790500     0.7905
macro avg      0.694659  0.689869  0.692177  6000.0000
weighted avg   0.787990  0.790500  0.789195  6000.0000
2025-07-30 16:20:14,979 - AUC-PR: 0.5238
2025-07-30 16:20:14,979 - Matriz de Confusão:
[[4067  606]
 [ 651  676]]
2025-07-30 16:20:14,979 - Custo total: 7116
2025-07-30 16:21:14,595 - Colunas do DataFrame: ['id', 'limite_credito', 'sexo', 'educacao', 'estado_civil', 'idade', 'pagamento_mes_0', 'pagamento_mes_2', 'pagamento_mes_3', 'pagamento_mes_4', 'pagamento_mes_5', 'pagamento_mes_6', 'fatura_mes_1', 'fatura_mes_2', 'fatura_mes_3', 'fatura_mes_4', 'fatura_mes_5', 'fatura_mes_6', 'pagamento_mes_1', 'inadimplente_mes_seguinte']
2025-07-30 16:21:29,787 - Melhores hiperparâmetros: {'lgbm__reg_lambda': 0.1, 'lgbm__reg_alpha': 0.1, 'lgbm__num_leaves': 63, 'lgbm__n_estimators': 200, 'lgbm__min_child_samples': 50, 'lgbm__max_depth': 3, 'lgbm__learning_rate': 0.01}
2025-07-30 16:21:30,584 - Threshold escolhido (F1): 0.21
2025-07-30 16:21:30,618 - Relatório de Classificação:
              precision    recall  f1-score    support
0              0.862018  0.870319  0.866148  4673.0000
1              0.527301  0.509420  0.518206  1327.0000
accuracy       0.790500  0.790500  0.790500     0.7905
macro avg      0.694659  0.689869  0.692177  6000.0000
weighted avg   0.787990  0.790500  0.789195  6000.0000
2025-07-30 16:21:30,618 - AUC-PR: 0.5238
2025-07-30 16:21:30,618 - Matriz de Confusão:
[[4067  606]
 [ 651  676]]
2025-07-30 16:21:30,618 - Custo total: 7116
2025-07-30 16:21:30,981 - F1 Score médio (cross_val): 0.4501
2025-07-30 16:21:33,172 - Tempo total: 0h 0min 18s
2025-07-30 16:22:15,230 - Colunas do DataFrame: ['id', 'limite_credito', 'sexo', 'educacao', 'estado_civil', 'idade', 'pagamento_mes_0', 'pagamento_mes_2', 'pagamento_mes_3', 'pagamento_mes_4', 'pagamento_mes_5', 'pagamento_mes_6', 'fatura_mes_1', 'fatura_mes_2', 'fatura_mes_3', 'fatura_mes_4', 'fatura_mes_5', 'fatura_mes_6', 'pagamento_mes_1', 'inadimplente_mes_seguinte']
2025-07-30 16:22:28,373 - Melhores hiperparâmetros: {'lgbm__reg_lambda': 0.1, 'lgbm__reg_alpha': 0.1, 'lgbm__num_leaves': 63, 'lgbm__n_estimators': 200, 'lgbm__min_child_samples': 50, 'lgbm__max_depth': 3, 'lgbm__learning_rate': 0.01}
2025-07-30 16:22:29,032 - Threshold escolhido (F1): 0.21
2025-07-30 16:22:29,068 - Relatório de Classificação:
              precision    recall  f1-score    support
0              0.862018  0.870319  0.866148  4673.0000
1              0.527301  0.509420  0.518206  1327.0000
accuracy       0.790500  0.790500  0.790500     0.7905
macro avg      0.694659  0.689869  0.692177  6000.0000
weighted avg   0.787990  0.790500  0.789195  6000.0000
2025-07-30 16:22:29,068 - AUC-PR: 0.5238
2025-07-30 16:22:29,068 - Matriz de Confusão:
[[4067  606]
 [ 651  676]]
2025-07-30 16:22:29,068 - Custo total: 7116
2025-07-30 16:22:29,390 - F1 Score médio (cross_val): 0.4501
2025-07-30 16:22:31,446 - Tempo total: 0h 0min 16s
2025-07-30 16:24:25,509 - Colunas do DataFrame: ['id', 'limite_credito', 'sexo', 'educacao', 'estado_civil', 'idade', 'pagamento_mes_0', 'pagamento_mes_2', 'pagamento_mes_3', 'pagamento_mes_4', 'pagamento_mes_5', 'pagamento_mes_6', 'fatura_mes_1', 'fatura_mes_2', 'fatura_mes_3', 'fatura_mes_4', 'fatura_mes_5', 'fatura_mes_6', 'pagamento_mes_1', 'inadimplente_mes_seguinte']
2025-07-30 16:24:41,133 - Melhores hiperparâmetros: {'lgbm__reg_lambda': 0.0, 'lgbm__reg_alpha': 0.0, 'lgbm__num_leaves': 63, 'lgbm__n_estimators': 300, 'lgbm__min_child_samples': 50, 'lgbm__max_depth': 3, 'lgbm__learning_rate': 0.01, 'lgbm__feature_fraction': 1.0, 'lgbm__bagging_freq': 1, 'lgbm__bagging_fraction': 1.0}
2025-07-30 16:24:41,884 - Threshold escolhido (F1): 0.2
2025-07-30 16:24:41,925 - Relatório de Classificação:
              precision    recall  f1-score   support
0              0.865889  0.841429  0.853484  4673.000
1              0.492118  0.541070  0.515434  1327.000
accuracy       0.775000  0.775000  0.775000     0.775
macro avg      0.679003  0.691250  0.684459  6000.000
weighted avg   0.783223  0.775000  0.778719  6000.000
2025-07-30 16:24:41,925 - AUC-PR: 0.5372
2025-07-30 16:24:41,925 - Matriz de Confusão:
[[3932  741]
 [ 609  718]]
2025-07-30 16:24:41,925 - Custo total: 6831
2025-07-30 16:24:42,516 - F1 Score médio (cross_val): 0.5385
2025-07-30 16:24:45,251 - Tempo total: 0h 0min 19s
2025-07-30 16:26:17,261 - Colunas do DataFrame: ['id', 'limite_credito', 'sexo', 'educacao', 'estado_civil', 'idade', 'pagamento_mes_0', 'pagamento_mes_2', 'pagamento_mes_3', 'pagamento_mes_4', 'pagamento_mes_5', 'pagamento_mes_6', 'fatura_mes_1', 'fatura_mes_2', 'fatura_mes_3', 'fatura_mes_4', 'fatura_mes_5', 'fatura_mes_6', 'pagamento_mes_1', 'inadimplente_mes_seguinte']
2025-07-30 16:26:17,266 - scale_pos_weight calculado: 3.521
2025-07-30 16:27:59,684 - Colunas do DataFrame: ['id', 'limite_credito', 'sexo', 'educacao', 'estado_civil', 'idade', 'pagamento_mes_0', 'pagamento_mes_2', 'pagamento_mes_3', 'pagamento_mes_4', 'pagamento_mes_5', 'pagamento_mes_6', 'fatura_mes_1', 'fatura_mes_2', 'fatura_mes_3', 'fatura_mes_4', 'fatura_mes_5', 'fatura_mes_6', 'pagamento_mes_1', 'inadimplente_mes_seguinte']
2025-07-30 16:27:59,689 - scale_pos_weight calculado: 3.521
2025-07-30 16:29:05,975 - Melhores hiperparâmetros encontrados: {'lgbm__verbose': -1, 'lgbm__reg_lambda': 0.5, 'lgbm__reg_alpha': 0.1, 'lgbm__num_leaves': 31, 'lgbm__n_estimators': 400, 'lgbm__min_child_samples': 20, 'lgbm__max_depth': None, 'lgbm__learning_rate': 0.03, 'lgbm__feature_fraction': 0.8, 'lgbm__bagging_freq': 0, 'lgbm__bagging_fraction': 0.9}
2025-07-30 16:29:09,325 - Threshold escolhido (F1): 0.33
2025-07-30 16:29:09,439 - Relatório de Classificação:
              precision    recall  f1-score      support
0              0.870150  0.858977  0.864527  4673.000000
1              0.524874  0.548606  0.536478  1327.000000
accuracy       0.790333  0.790333  0.790333     0.790333
macro avg      0.697512  0.703791  0.700502  6000.000000
weighted avg   0.793786  0.790333  0.791974  6000.000000
2025-07-30 16:29:09,439 - AUC-PR: 0.5477
2025-07-30 16:29:09,439 - Matriz de Confusão:
[[4014  659]
 [ 599  728]]
2025-07-30 16:29:09,439 - Custo total: 6649
2025-07-30 16:29:15,163 - F1 Score médio (cross_val): 0.5271
2025-07-30 16:29:45,315 - Tempo total: 0h 1min 45s
