2025-03-29 11:53:55,441 - INFO - Iniciando o pipeline de modelagem.
2025-03-29 11:53:55,447 - INFO - Dividindo os dados em conjuntos de treinamento e teste.
2025-03-29 11:53:55,499 - INFO - Tamanho do conjunto de treino: 587 | Teste: 252
2025-03-29 11:53:55,499 - INFO - Aplicando engenharia de features.
2025-03-29 11:53:55,502 - INFO - Normalizando e padronizando os dados.
2025-03-29 11:56:58,356 - INFO - Iniciando o pipeline de modelagem.
2025-03-29 11:56:58,379 - INFO - Dividindo os dados em conjuntos de treinamento e teste.
2025-03-29 11:56:58,381 - INFO - Tamanho do conjunto de treino: 587 | Teste: 252
2025-03-29 11:56:58,382 - INFO - Aplicando engenharia de features.
2025-03-29 11:56:58,386 - INFO - Codificando variáveis categóricas e normalizando os dados.
2025-03-29 11:57:41,695 - INFO - Iniciando o pipeline de modelagem.
2025-03-29 11:57:41,703 - INFO - Dividindo os dados em conjuntos de treinamento e teste.
2025-03-29 11:57:41,706 - INFO - Tamanho do conjunto de treino: 587 | Teste: 252
2025-03-29 11:57:41,707 - INFO - Aplicando engenharia de features.
2025-03-29 11:57:41,710 - INFO - Codificando variáveis categóricas e normalizando os dados.
2025-03-29 11:57:41,723 - INFO - Treinando o modelo K-Means.
2025-03-29 11:57:42,536 - INFO - Coeficiente de Silhueta para k=5: 0.1192
2025-03-29 11:57:42,574 - INFO - Gerando o relatório de clusters (treino).
2025-03-29 11:57:42,577 - INFO - Relatório de clusters salvo em: C:\Github\data-science\projetos\segmentacao_clientes\logs\relatorio_clusters_treino.csv
2025-03-29 11:57:42,609 - INFO - Pipeline de modelagem concluído com sucesso.
2025-03-29 11:59:30,541 - INFO - Iniciando o pipeline de modelagem.
2025-03-29 11:59:30,549 - INFO - Dividindo os dados em conjuntos de treinamento e teste.
2025-03-29 11:59:30,551 - INFO - Tamanho do conjunto de treino: 587 | Teste: 252
2025-03-29 11:59:30,553 - INFO - Aplicando engenharia de features.
2025-03-29 11:59:30,557 - INFO - Codificando variáveis categóricas e normalizando os dados.
2025-03-29 11:59:30,569 - INFO - Treinando o modelo K-Means.
2025-03-29 11:59:31,291 - INFO - Gráfico do método do cotovelo salvo em: C:\Github\data-science\projetos\segmentacao_clientes\logs\cotovelo.png
2025-03-29 11:59:31,344 - INFO - Coeficiente de Silhueta para k=5: 0.1192
2025-03-29 11:59:31,346 - INFO - Gerando o relatório de clusters (treino).
2025-03-29 11:59:31,348 - INFO - Relatório de clusters salvo em: C:\Github\data-science\projetos\segmentacao_clientes\logs\relatorio_clusters_treino.csv
2025-03-29 11:59:31,376 - INFO - Pipeline de modelagem concluído com sucesso.
2025-03-29 12:07:44,656 - INFO - Iniciando o pipeline de modelagem.
2025-03-29 12:07:44,664 - INFO - Dividindo os dados em conjuntos de treinamento e teste.
2025-03-29 12:07:44,666 - INFO - Tamanho do conjunto de treino: 587 | Teste: 252
2025-03-29 12:07:44,667 - INFO - Aplicando engenharia de features.
2025-03-29 12:07:44,671 - INFO - Codificando variáveis categóricas e normalizando os dados.
2025-03-29 12:07:44,683 - INFO - Treinando o modelo K-Means.
2025-03-29 12:07:45,384 - INFO - Gráfico do método do cotovelo salvo em: C:\Github\data-science\projetos\segmentacao_clientes\logs\cotovelo.png
2025-03-29 12:07:45,471 - INFO - Coeficiente de Silhueta para k=5: 0.1192
2025-03-29 12:07:45,476 - INFO - Gerando o relatório de clusters (treino).
2025-03-29 12:07:45,478 - INFO - Relatório de clusters salvo em: C:\Github\data-science\projetos\segmentacao_clientes\logs\relatorio_clusters_treino.csv
2025-03-29 12:07:45,515 - INFO - Pipeline de modelagem concluído com sucesso.
2025-03-29 12:07:45,521 - INFO - Dados segmentados salvos em: C:\Github\data-science\projetos\segmentacao_clientes\data\processed\clustered_data.csv
2025-03-29 12:11:57,028 - INFO - Iniciando o pipeline de modelagem.
2025-03-29 12:11:57,036 - INFO - Dividindo os dados em conjuntos de treinamento e teste.
2025-03-29 12:11:57,038 - INFO - Tamanho do conjunto de treino: 587 | Teste: 252
2025-03-29 12:11:57,039 - INFO - Aplicando engenharia de features.
2025-03-29 12:11:57,044 - INFO - Codificando variáveis categóricas e normalizando os dados.
2025-03-29 12:11:57,056 - INFO - Treinando o modelo K-Means.
2025-03-29 12:11:57,820 - INFO - Gráfico do método do cotovelo salvo em: C:\Github\data-science\projetos\segmentacao_clientes\logs\cotovelo.png
2025-03-29 12:11:57,953 - INFO - Coeficiente de Silhueta para k=5: 0.1192
2025-03-29 12:11:57,956 - INFO - Gerando o relatório de clusters (treino).
2025-03-29 12:11:57,958 - INFO - Relatório de clusters salvo em: C:\Github\data-science\projetos\segmentacao_clientes\logs\relatorio_clusters_treino.csv
2025-03-29 12:11:57,987 - INFO - Pipeline de modelagem concluído com sucesso.
2025-03-29 12:11:57,992 - INFO - Dados segmentados salvos em: C:\Github\data-science\projetos\segmentacao_clientes\data\processed\clustered_data.csv
2025-03-29 12:11:57,999 - INFO - Dados segmentados salvos em: C:\Github\data-science\projetos\segmentacao_clientes\data\processed\clustered_data.csv
2025-03-29 12:30:09,031 - INFO - Iniciando o pipeline de modelagem.
2025-03-29 12:30:09,067 - INFO - Dividindo os dados em conjuntos de treinamento e teste.
2025-03-29 12:30:09,078 - INFO - Tamanho do conjunto de treino: 1568 | Teste: 672
2025-03-29 12:30:09,079 - INFO - Aplicando engenharia de features.
2025-03-29 12:30:09,084 - INFO - Codificando variáveis categóricas e normalizando os dados.
2025-03-29 12:30:09,102 - INFO - Treinando o modelo K-Means.
2025-03-29 12:30:09,950 - INFO - Gráfico do método do cotovelo salvo em: C:\Github\data-science\projetos\segmentacao_clientes\logs\cotovelo.png
2025-03-29 12:30:10,052 - INFO - Coeficiente de Silhueta para k=5: 0.1151
2025-03-29 12:30:10,258 - INFO - Gerando o relatório de clusters (treino).
2025-03-29 12:30:10,260 - INFO - Relatório de clusters salvo em: C:\Github\data-science\projetos\segmentacao_clientes\logs\relatorio_clusters_treino.csv
2025-03-29 12:30:10,289 - INFO - Pipeline de modelagem concluído com sucesso.
2025-03-29 12:30:10,307 - INFO - Dados segmentados salvos em: C:\Github\data-science\projetos\segmentacao_clientes\data\processed\clustered_data.csv
2025-03-29 12:30:10,325 - INFO - Dados segmentados salvos em: C:\Github\data-science\projetos\segmentacao_clientes\data\processed\clustered_data.csv
